ok 369 - every Japanese auteur film resolves once and has a playable brief blueprint
  ---
  duration_ms: 22.506795
  type: 'test'
  ...
# Subtest: the full requested Japanese block resolves exactly once
ok 370 - the full requested Japanese block resolves exactly once
  ---
  duration_ms: 21.297896
  type: 'test'
  ...
# Subtest: Black Rain is disambiguated from the Ridley Scott film released in the same year
ok 371 - Black Rain is disambiguated from the Ridley Scott film released in the same year
  ---
  duration_ms: 7.680794
  type: 'test'
  ...
# Subtest: the merged catalogue contains 282 unique Production Cases
ok 372 - the merged catalogue contains 282 unique Production Cases
  ---
  duration_ms: 21.767701
  type: 'test'
  ...
# Subtest: the first modern canon expansion contains exactly 27 unique films
ok 373 - the first modern canon expansion contains exactly 27 unique films
  ---
  duration_ms: 2.167617
  type: 'test'
  ...
# Subtest: all 27 requested films are new to the 217-case catalogue
ok 374 - all 27 requested films are new to the 217-case catalogue
  ---
  duration_ms: 17.524503
  type: 'test'
  ...
# Subtest: every requested film resolves once and has a complete playable brief blueprint
ok 375 - every requested film resolves once and has a complete playable brief blueprint
  ---
  duration_ms: 41.560926
  type: 'test'
  ...
# Subtest: the merged catalogue contains 244 unique Production Cases
ok 376 - the merged catalogue contains 244 unique Production Cases
  ---
  duration_ms: 28.563884
  type: 'test'
  ...
# Subtest: post-production seed catalogues provide stable professional coverage
ok 377 - post-production seed catalogues provide stable professional coverage
  ---
  duration_ms: 2.191161
  type: 'test'
  ...
# Subtest: craft decisions apply immutably and duplicate applications have no second cost
ok 378 - craft decisions apply immutably and duplicate applications have no second cost
  ---
  duration_ms: 20.252766
  type: 'test'
  ...
# Subtest: screening, trailer, and post evaluation are deterministic and bounded
ok 379 - screening, trailer, and post evaluation are deterministic and bounded
  ---
  duration_ms: 1.389056
  type: 'test'
  ...
# Subtest: film results remain backward compatible and account for post cost and quality
ok 380 - film results remain backward compatible and account for post cost and quality
  ---
  duration_ms: 0.6395
  type: 'test'
  ...
# Subtest: priority indie completion contains exactly 20 unique missing films
ok 381 - priority indie completion contains exactly 20 unique missing films
  ---
  duration_ms: 1.721927
  type: 'test'
  ...
# Subtest: all 20 completion films are new to the 244-case catalogue
ok 382 - all 20 completion films are new to the 244-case catalogue
  ---
  duration_ms: 33.325188
  type: 'test'
  ...
# Subtest: every completion film resolves once and has a playable brief blueprint
ok 383 - every completion film resolves once and has a playable brief blueprint
  ---
  duration_ms: 25.84947
  type: 'test'
  ...
# Subtest: the originally prioritized 27-film list is now complete exactly once
ok 384 - the originally prioritized 27-film list is now complete exactly once
  ---
  duration_ms: 15.405844
  type: 'test'
  ...
# Subtest: the merged catalogue contains 264 unique Production Cases
ok 385 - the merged catalogue contains 264 unique Production Cases
  ---
  duration_ms: 13.81157
  type: 'test'
  ...
# Subtest: qualitative learning report is gated until all phases are complete
ok 386 - qualitative learning report is gated until all phases are complete
  ---
  duration_ms: 1.618374
  type: 'test'
  ...
# Subtest: phase completion requires an explicit valid choice and next action stays instructional
ok 387 - phase completion requires an explicit valid choice and next action stays instructional
  ---
  duration_ms: 1.279041
  type: 'test'
  ...
# Subtest: production case continuation resets only the selected case and resolves catalogue navigation
ok 388 - production case continuation resets only the selected case and resolves catalogue navigation
  ---
  duration_ms: 1.110588
  type: 'test'
  ...
# Subtest: legacy v1 backup imports learning progress while ignoring historical best-result scoring
ok 389 - legacy v1 backup imports learning progress while ignoring historical best-result scoring
  ---
  duration_ms: 0.800311
  type: 'test'
  ...
# Subtest: learning status tracks only not started, in progress, and completed
ok 390 - learning status tracks only not started, in progress, and completed
  ---
  duration_ms: 1.526692
  type: 'test'
  ...
# Subtest: learning hints use qualities for explanation without calculating points
ok 391 - learning hints use qualities for explanation without calculating points
  ---
  duration_ms: 0.395306
  type: 'test'
  ...
# Subtest: next action guides study rather than score improvement
ok 392 - next action guides study rather than score improvement
  ---
  duration_ms: 0.635394
  type: 'test'
  ...
# Subtest: completed report groups understanding without score or rank fields
ok 393 - completed report groups understanding without score or rank fields
  ---
  duration_ms: 0.420804
  type: 'test'
  ...
# Subtest: progress parsing normalizes scenario identity, duplicate completions, choices, and malformed input
ok 394 - progress parsing normalizes scenario identity, duplicate completions, choices, and malformed input
  ---
  duration_ms: 3.064457
  type: 'test'
  ...
# Subtest: progress helpers preserve choices while completing phases and reset only the selected case
ok 395 - progress helpers preserve choices while completing phases and reset only the selected case
  ---
  duration_ms: 0.564472
  type: 'test'
  ...
# Subtest: writing learning progress removes inert legacy score storage and removes empty progress
ok 396 - writing learning progress removes inert legacy score storage and removes empty progress
  ---
  duration_ms: 0.319335
  type: 'test'
  ...
# Subtest: library status is qualitative and depends only on choices and phase completion
ok 397 - library status is qualitative and depends only on choices and phase completion
  ---
  duration_ms: 0.345413
  type: 'test'
  ...
# Subtest: collection summary counts learning states without performance ranks
ok 398 - collection summary counts learning states without performance ranks
  ---
  duration_ms: 0.273629
  type: 'test'
  ...
# Subtest: library controls preserve useful filters and normalize obsolete score sorts
ok 399 - library controls preserve useful filters and normalize obsolete score sorts
  ---
  duration_ms: 0.348458
  type: 'test'
  ...
# Subtest: progress export v2 contains learning progress and controls only
ok 400 - progress export v2 contains learning progress and controls only
  ---
  duration_ms: 0.390617
  type: 'test'
  ...
# Subtest: v2 backup preview and import restore learning progress and clear legacy score storage
ok 401 - v2 backup preview and import restore learning progress and clear legacy score storage
  ---
  duration_ms: 0.505732
  type: 'test'
  ...
# Subtest: legacy v1 backups remain importable but legacy best-result payloads are ignored
ok 402 - legacy v1 backups remain importable but legacy best-result payloads are ignored
  ---
  duration_ms: 0.596981
  type: 'test'
  ...
# Subtest: backup validation rejects malformed progress without accepting score-only legacy state as progress
ok 403 - backup validation rejects malformed progress without accepting score-only legacy state as progress
  ---
  duration_ms: 0.465216
  type: 'test'
  ...
# Subtest: next-case navigation is deterministic at catalogue boundaries
ok 404 - next-case navigation is deterministic at catalogue boundaries
  ---
  duration_ms: 0.224408
  type: 'test'
  ...
# Subtest: recordCareerRosterFilm adds first-time collaborators with a film count of one
ok 405 - recordCareerRosterFilm adds first-time collaborators with a film count of one
  ---
  duration_ms: 2.640577
  type: 'test'
  ...
# Subtest: recordCareerRosterFilm increments returning collaborators across films
ok 406 - recordCareerRosterFilm increments returning collaborators across films
  ---
  duration_ms: 1.881223
  type: 'test'
  ...
# Subtest: recordCareerRosterFilm does not mutate the original career state
ok 407 - recordCareerRosterFilm does not mutate the original career state
  ---
  duration_ms: 0.482278
  type: 'test'
  ...
# Subtest: release seed catalogues provide stable IDs and requested coverage
ok 408 - release seed catalogues provide stable IDs and requested coverage
  ---
  duration_ms: 1.367857
  type: 'test'
  ...
# Subtest: release planning and strategy scoring are deterministic and immutable
ok 409 - release planning and strategy scoring are deterministic and immutable
  ---
  duration_ms: 1.585933
  type: 'test'
  ...
# Subtest: festivals, critics, and audiences resolve without randomness
ok 410 - festivals, critics, and audiences resolve without randomness
  ---
  duration_ms: 1.026572
  type: 'test'
  ...
# Subtest: a moderate film can receive recognition without sweeping the awards
ok 411 - a moderate film can receive recognition without sweeping the awards
  ---
  duration_ms: 13.125612
  type: 'test'
  ...
# Subtest: an exceptional film can win several awards but still has a ranked slate
ok 412 - an exceptional film can win several awards but still has a ranked slate
  ---
  duration_ms: 0.554322
  type: 'test'
  ...
# Subtest: award wins require an accepted festival
ok 413 - award wins require an accepted festival
  ---
  duration_ms: 0.328412
  type: 'test'
  ...
# Subtest: revenue, awards, evaluation, and studio application form one immutable pipeline
ok 414 - revenue, awards, evaluation, and studio application form one immutable pipeline
  ---
  duration_ms: 12.401434
  type: 'test'
  ...
# Subtest: Scandinavian and European round contains exactly twenty-two unique target films
ok 415 - Scandinavian and European round contains exactly twenty-two unique target films
  ---
  duration_ms: 1.736072
  type: 'test'
  ...
# Subtest: every Scandinavian and European target resolves exactly once with a playable brief
ok 416 - every Scandinavian and European target resolves exactly once with a playable brief
  ---
  duration_ms: 5.272255
  type: 'test'
  ...
# Subtest: the complete requested Scandinavian and European block resolves exactly once
ok 417 - the complete requested Scandinavian and European block resolves exactly once
  ---
  duration_ms: 3.552476
  type: 'test'
  ...
# Subtest: generic translated titles do not absorb unrelated same-year films
ok 418 - generic translated titles do not absorb unrelated same-year films
  ---
  duration_ms: 0.426925
  type: 'test'
  ...
# Subtest: Scandinavian and European round adds 15 cases and produces 330 unique Production Cases
ok 419 - Scandinavian and European round adds 15 cases and produces 330 unique Production Cases
  ---
  duration_ms: 0.296011
  type: 'test'
  ...
# Subtest: assessScenarioAlignment handles empty target lists without exposing a score
ok 420 - assessScenarioAlignment handles empty target lists without exposing a score
  ---
  duration_ms: 1.476189
  type: 'test'
  ...
# Subtest: assessScenarioAlignment asks for reconsideration when no targets are selected
ok 421 - assessScenarioAlignment asks for reconsideration when no targets are selected
  ---
  duration_ms: 0.25789
  type: 'test'
  ...
# Subtest: assessScenarioAlignment keeps sparse selections qualitative
ok 422 - assessScenarioAlignment keeps sparse selections qualitative
  ---
  duration_ms: 0.18275
  type: 'test'
  ...
# Subtest: assessScenarioAlignment marks a meaningful subset as partial
ok 423 - assessScenarioAlignment marks a meaningful subset as partial
  ---
  duration_ms: 0.141153
  type: 'test'
  ...
# Subtest: assessScenarioAlignment marks broad method identification as clear
ok 424 - assessScenarioAlignment marks broad method identification as clear
  ---
  duration_ms: 0.249084
  type: 'test'
  ...
# Subtest: assessScenarioAlignment caps selectedCount at the available target count
ok 425 - assessScenarioAlignment caps selectedCount at the available target count
  ---
  duration_ms: 0.160398
  type: 'test'
  ...
# Subtest: getScenarioAlignmentSummary guides reconsideration without score language
ok 426 - getScenarioAlignmentSummary guides reconsideration without score language
  ---
  duration_ms: 1.430103
  type: 'test'
  ...
# Subtest: getScenarioAlignmentSummary describes a partial method connection
ok 427 - getScenarioAlignmentSummary describes a partial method connection
  ---
  duration_ms: 0.212185
  type: 'test'
  ...
# Subtest: getScenarioAlignmentSummary describes a clear method connection
ok 428 - getScenarioAlignmentSummary describes a clear method connection
  ---
  duration_ms: 0.228175
  type: 'test'
  ...
# Subtest: production event seeds cover the required first shoot scenarios
ok 429 - production event seeds cover the required first shoot scenarios
  ---
  duration_ms: 6.492604
  type: 'test'
  ...
# Subtest: schedules group scenes, allocate the project budget, and do not mutate scenes
ok 430 - schedules group scenes, allocate the project budget, and do not mutate scenes
  ---
  duration_ms: 1.469366
  type: 'test'
  ...
# Subtest: difficulty responds to dramatic, technical, location, and cast pressure
ok 431 - difficulty responds to dramatic, technical, location, and cast pressure
  ---
  duration_ms: 0.377333
  type: 'test'
  ...
# Subtest: events are applied immutably and duplicate applications have no second cost
ok 432 - events are applied immutably and duplicate applications have no second cost
  ---
  duration_ms: 2.719164
  type: 'test'
  ...
# Subtest: shoot resolution and evaluation account for event cost, delay, and upside
ok 433 - shoot resolution and evaluation account for event cost, delay, and upside
  ---
  duration_ms: 2.315142
  type: 'test'
  ...
# Subtest: South Korean cinema expansion contains exactly four unique missing films
ok 434 - South Korean cinema expansion contains exactly four unique missing films
  ---
  duration_ms: 1.459598
  type: 'test'
  ...
# Subtest: all four South Korean films are new to the preceding 282-case catalogue
ok 435 - all four South Korean films are new to the preceding 282-case catalogue
  ---
  duration_ms: 28.982924
  type: 'test'
  ...
# Subtest: every South Korean expansion film resolves once and has a playable brief blueprint
ok 436 - every South Korean expansion film resolves once and has a playable brief blueprint
  ---
  duration_ms: 21.599472
  type: 'test'
  ...
# Subtest: the complete requested South Korean block resolves exactly once
ok 437 - the complete requested South Korean block resolves exactly once
  ---
  duration_ms: 14.360923
  type: 'test'
  ...
# Subtest: ambiguous English titles do not match unrelated same-year films
ok 438 - ambiguous English titles do not match unrelated same-year films
  ---
  duration_ms: 11.757324
  type: 'test'
  ...
# Subtest: the merged catalogue contains 286 unique Production Cases
ok 439 - the merged catalogue contains 286 unique Production Cases
  ---
  duration_ms: 16.746642
  type: 'test'
  ...
# Subtest: South and Southeast Asian expansion contains exactly seven unique films
ok 440 - South and Southeast Asian expansion contains exactly seven unique films
  ---
  duration_ms: 1.388515
  type: 'test'
  ...
# Subtest: all seven films are new to the preceding 286-case catalogue
ok 441 - all seven films are new to the preceding 286-case catalogue
  ---
  duration_ms: 42.355861
  type: 'test'
  ...
# Subtest: every expansion film resolves once and has a playable brief blueprint
ok 442 - every expansion film resolves once and has a playable brief blueprint
  ---
  duration_ms: 36.284469
  type: 'test'
  ...
# Subtest: the complete requested seven-film block resolves exactly once
ok 443 - the complete requested seven-film block resolves exactly once
  ---
  duration_ms: 20.341849
  type: 'test'
  ...
# Subtest: generic English titles do not match unrelated same-year films
ok 444 - generic English titles do not match unrelated same-year films
  ---
  duration_ms: 11.14815
  type: 'test'
  ...
# Subtest: the merged catalogue contains 293 unique Production Cases
ok 445 - the merged catalogue contains 293 unique Production Cases
  ---
  duration_ms: 14.98541
  type: 'test'
  ...
# Subtest: studio career pipeline order advances from development through career review only after release
ok 446 - studio career pipeline order advances from development through career review only after release
  ---
  duration_ms: 1.585091
  type: 'test'
  ...
# Subtest: studio career active targets keep post, release, and career review distinct
ok 447 - studio career active targets keep post, release, and career review distinct
  ---
  duration_ms: 0.309947
  type: 'test'
  ...
# Subtest: studio career completed project collapse keeps latest project actionable
ok 448 - studio career completed project collapse keeps latest project actionable
  ---
  duration_ms: 0.284641
  type: 'test'
  ...
# Subtest: studio career project-scoped release control names are unique per project
ok 449 - studio career project-scoped release control names are unique per project
  ---
  duration_ms: 0.330315
  type: 'test'
  ...
# Subtest: studio career application invariants tolerate missing optional project details
ok 450 - studio career application invariants tolerate missing optional project details
  ---
  duration_ms: 1.725974
  type: 'test'
  ...
1..450
# tests 450
# suites 0
# pass 449
# fail 1
# cancelled 0
# skipped 0
# todo 0
# duration_ms 4990.027655
