  type: 'test'
  ...
# Subtest: film study coverage always contains every history and craft area
ok 356 - film study coverage always contains every history and craft area
  ---
  duration_ms: 1.329122
  type: 'test'
  ...
# Subtest: coverage summary distinguishes verified, mapped, pending, and not-central work
ok 357 - coverage summary distinguishes verified, mapped, pending, and not-central work
  ---
  duration_ms: 0.424556
  type: 'test'
  ...
# Subtest: historical eras provide stable broad placement without pretending to be a movement label
ok 358 - historical eras provide stable broad placement without pretending to be a movement label
  ---
  duration_ms: 0.224897
  type: 'test'
  ...
# Subtest: creates stable film slugs with year
ok 359 - creates stable film slugs with year
  ---
  duration_ms: 1.150685
  type: 'test'
  ...
# Subtest: parses platform section routes
ok 360 - parses platform section routes
  ---
  duration_ms: 1.138176
  type: 'test'
  ...
# Subtest: parses canonical and legacy film routes
ok 361 - parses canonical and legacy film routes
  ---
  duration_ms: 0.301331
  type: 'test'
  ...
# Subtest: formats canonical hash routes
ok 362 - formats canonical hash routes
  ---
  duration_ms: 1.484415
  type: 'test'
  ...
# Subtest: falls back safely for invalid hashes
ok 363 - falls back safely for invalid hashes
  ---
  duration_ms: 0.328812
  type: 'test'
  ...
# Subtest: compares routes including selected films
ok 364 - compares routes including selected films
  ---
  duration_ms: 0.207251
  type: 'test'
  ...
# [italy-france-germany-benelux-expansion] prior=353 missing=25 final=378
# Subtest: Italy, France, Germany, and Benelux expansion contains exactly 28 unique targets
ok 365 - Italy, France, Germany, and Benelux expansion contains exactly 28 unique targets
  ---
  duration_ms: 1.328971
  type: 'test'
  ...
# Subtest: the expansion adds only genuinely missing films and preserves unique catalogue IDs
ok 366 - the expansion adds only genuinely missing films and preserves unique catalogue IDs
  ---
  duration_ms: 36.526567
  type: 'test'
  ...
# Subtest: all 28 requested films resolve exactly once and have playable production blueprints
ok 367 - all 28 requested films resolve exactly once and have playable production blueprints
  ---
  duration_ms: 61.094674
  type: 'test'
  ...
# Subtest: the complete requested regional block resolves exactly once by title and year
ok 368 - the complete requested regional block resolves exactly once by title and year
  ---
  duration_ms: 44.337612
  type: 'test'
  ...
# Subtest: generic translated titles reject unrelated same-year films
ok 369 - generic translated titles reject unrelated same-year films
  ---
  duration_ms: 22.408311
  type: 'test'
  ...
# Subtest: Japanese auteur expansion contains exactly seven unique missing films
ok 370 - Japanese auteur expansion contains exactly seven unique missing films
  ---
  duration_ms: 2.983281
  type: 'test'
  ...
# Subtest: all seven Japanese auteur films are new to the 275-case catalogue
ok 371 - all seven Japanese auteur films are new to the 275-case catalogue
  ---
  duration_ms: 42.375031
  type: 'test'
  ...
# Subtest: every Japanese auteur film resolves once and has a playable brief blueprint
ok 372 - every Japanese auteur film resolves once and has a playable brief blueprint
  ---
  duration_ms: 35.795782
  type: 'test'
  ...
# Subtest: the full requested Japanese block resolves exactly once
ok 373 - the full requested Japanese block resolves exactly once
  ---
  duration_ms: 23.174598
  type: 'test'
  ...
# Subtest: Black Rain is disambiguated from the Ridley Scott film released in the same year
ok 374 - Black Rain is disambiguated from the Ridley Scott film released in the same year
  ---
  duration_ms: 7.477705
  type: 'test'
  ...
# Subtest: the merged catalogue contains 282 unique Production Cases
ok 375 - the merged catalogue contains 282 unique Production Cases
  ---
  duration_ms: 24.409709
  type: 'test'
  ...
# Subtest: the first modern canon expansion contains exactly 27 unique films
ok 376 - the first modern canon expansion contains exactly 27 unique films
  ---
  duration_ms: 2.097623
  type: 'test'
  ...
# Subtest: all 27 requested films are new to the 217-case catalogue
ok 377 - all 27 requested films are new to the 217-case catalogue
  ---
  duration_ms: 17.270491
  type: 'test'
  ...
# Subtest: every requested film resolves once and has a complete playable brief blueprint
ok 378 - every requested film resolves once and has a complete playable brief blueprint
  ---
  duration_ms: 41.302765
  type: 'test'
  ...
# Subtest: the merged catalogue contains 244 unique Production Cases
ok 379 - the merged catalogue contains 244 unique Production Cases
  ---
  duration_ms: 16.811523
  type: 'test'
  ...
# Subtest: post-production seed catalogues provide stable professional coverage
ok 380 - post-production seed catalogues provide stable professional coverage
  ---
  duration_ms: 0.908111
  type: 'test'
  ...
# Subtest: craft decisions apply immutably and duplicate applications have no second cost
ok 381 - craft decisions apply immutably and duplicate applications have no second cost
  ---
  duration_ms: 15.047219
  type: 'test'
  ...
# Subtest: screening, trailer, and post evaluation are deterministic and bounded
ok 382 - screening, trailer, and post evaluation are deterministic and bounded
  ---
  duration_ms: 1.051346
  type: 'test'
  ...
# Subtest: film results remain backward compatible and account for post cost and quality
ok 383 - film results remain backward compatible and account for post cost and quality
  ---
  duration_ms: 0.484376
  type: 'test'
  ...
# Subtest: priority indie completion contains exactly 20 unique missing films
ok 384 - priority indie completion contains exactly 20 unique missing films
  ---
  duration_ms: 1.349572
  type: 'test'
  ...
# Subtest: all 20 completion films are new to the 244-case catalogue
ok 385 - all 20 completion films are new to the 244-case catalogue
  ---
  duration_ms: 22.994538
  type: 'test'
  ...
# Subtest: every completion film resolves once and has a playable brief blueprint
ok 386 - every completion film resolves once and has a playable brief blueprint
  ---
  duration_ms: 21.297566
  type: 'test'
  ...
# Subtest: the originally prioritized 27-film list is now complete exactly once
ok 387 - the originally prioritized 27-film list is now complete exactly once
  ---
  duration_ms: 12.277699
  type: 'test'
  ...
# Subtest: the merged catalogue contains 264 unique Production Cases
ok 388 - the merged catalogue contains 264 unique Production Cases
  ---
  duration_ms: 11.341866
  type: 'test'
  ...
# Subtest: qualitative learning report is gated until all phases are complete
ok 389 - qualitative learning report is gated until all phases are complete
  ---
  duration_ms: 1.349412
  type: 'test'
  ...
# Subtest: phase completion requires an explicit valid choice and next action stays instructional
ok 390 - phase completion requires an explicit valid choice and next action stays instructional
  ---
  duration_ms: 1.256774
  type: 'test'
  ...
# Subtest: production case continuation resets only the selected case and resolves catalogue navigation
ok 391 - production case continuation resets only the selected case and resolves catalogue navigation
  ---
  duration_ms: 1.173338
  type: 'test'
  ...
# Subtest: legacy v1 backup imports learning progress while ignoring historical best-result scoring
ok 392 - legacy v1 backup imports learning progress while ignoring historical best-result scoring
  ---
  duration_ms: 0.850415
  type: 'test'
  ...
# Subtest: learning status tracks only not started, in progress, and completed
ok 393 - learning status tracks only not started, in progress, and completed
  ---
  duration_ms: 0.910985
  type: 'test'
  ...
# Subtest: learning hints use qualities for explanation without calculating points
ok 394 - learning hints use qualities for explanation without calculating points
  ---
  duration_ms: 0.298217
  type: 'test'
  ...
# Subtest: next action guides study rather than score improvement
ok 395 - next action guides study rather than score improvement
  ---
  duration_ms: 0.524567
  type: 'test'
  ...
# Subtest: completed report groups understanding without score or rank fields
ok 396 - completed report groups understanding without score or rank fields
  ---
  duration_ms: 0.305719
  type: 'test'
  ...
# Subtest: progress parsing normalizes scenario identity, duplicate completions, choices, and malformed input
ok 397 - progress parsing normalizes scenario identity, duplicate completions, choices, and malformed input
  ---
  duration_ms: 4.263018
  type: 'test'
  ...
# Subtest: progress helpers preserve choices while completing phases and reset only the selected case
ok 398 - progress helpers preserve choices while completing phases and reset only the selected case
  ---
  duration_ms: 0.695001
  type: 'test'
  ...
# Subtest: writing learning progress removes inert legacy score storage and removes empty progress
ok 399 - writing learning progress removes inert legacy score storage and removes empty progress
  ---
  duration_ms: 0.399449
  type: 'test'
  ...
# Subtest: library status is qualitative and depends only on choices and phase completion
ok 400 - library status is qualitative and depends only on choices and phase completion
  ---
  duration_ms: 0.447711
  type: 'test'
  ...
# Subtest: collection summary counts learning states without performance ranks
ok 401 - collection summary counts learning states without performance ranks
  ---
  duration_ms: 0.349664
  type: 'test'
  ...
# Subtest: library controls preserve useful filters and normalize obsolete score sorts
ok 402 - library controls preserve useful filters and normalize obsolete score sorts
  ---
  duration_ms: 0.464566
  type: 'test'
  ...
# Subtest: progress export v2 contains learning progress and controls only
ok 403 - progress export v2 contains learning progress and controls only
  ---
  duration_ms: 0.431516
  type: 'test'
  ...
# Subtest: v2 backup preview and import restore learning progress and clear legacy score storage
ok 404 - v2 backup preview and import restore learning progress and clear legacy score storage
  ---
  duration_ms: 0.736874
  type: 'test'
  ...
# Subtest: legacy v1 backups remain importable but legacy best-result payloads are ignored
ok 405 - legacy v1 backups remain importable but legacy best-result payloads are ignored
  ---
  duration_ms: 0.729944
  type: 'test'
  ...
# Subtest: backup validation rejects malformed progress without accepting score-only legacy state as progress
ok 406 - backup validation rejects malformed progress without accepting score-only legacy state as progress
  ---
  duration_ms: 0.648462
  type: 'test'
  ...
# Subtest: next-case navigation is deterministic at catalogue boundaries
ok 407 - next-case navigation is deterministic at catalogue boundaries
  ---
  duration_ms: 0.325178
  type: 'test'
  ...
# Subtest: recordCareerRosterFilm adds first-time collaborators with a film count of one
ok 408 - recordCareerRosterFilm adds first-time collaborators with a film count of one
  ---
  duration_ms: 1.672286
  type: 'test'
  ...
# Subtest: recordCareerRosterFilm increments returning collaborators across films
ok 409 - recordCareerRosterFilm increments returning collaborators across films
  ---
  duration_ms: 1.10737
  type: 'test'
  ...
# Subtest: recordCareerRosterFilm does not mutate the original career state
ok 410 - recordCareerRosterFilm does not mutate the original career state
  ---
  duration_ms: 0.284196
  type: 'test'
  ...
# Subtest: release seed catalogues provide stable IDs and requested coverage
ok 411 - release seed catalogues provide stable IDs and requested coverage
  ---
  duration_ms: 1.242071
  type: 'test'
  ...
# Subtest: release planning and strategy scoring are deterministic and immutable
ok 412 - release planning and strategy scoring are deterministic and immutable
  ---
  duration_ms: 1.370134
  type: 'test'
  ...
# Subtest: festivals, critics, and audiences resolve without randomness
ok 413 - festivals, critics, and audiences resolve without randomness
  ---
  duration_ms: 0.944204
  type: 'test'
  ...
# Subtest: a moderate film can receive recognition without sweeping the awards
ok 414 - a moderate film can receive recognition without sweeping the awards
  ---
  duration_ms: 11.814335
  type: 'test'
  ...
# Subtest: an exceptional film can win several awards but still has a ranked slate
ok 415 - an exceptional film can win several awards but still has a ranked slate
  ---
  duration_ms: 0.490034
  type: 'test'
  ...
# Subtest: award wins require an accepted festival
ok 416 - award wins require an accepted festival
  ---
  duration_ms: 0.238338
  type: 'test'
  ...
# Subtest: revenue, awards, evaluation, and studio application form one immutable pipeline
ok 417 - revenue, awards, evaluation, and studio application form one immutable pipeline
  ---
  duration_ms: 11.24422
  type: 'test'
  ...
# Subtest: Scandinavian and European round contains exactly twenty-two unique target films
ok 418 - Scandinavian and European round contains exactly twenty-two unique target films
  ---
  duration_ms: 1.239327
  type: 'test'
  ...
# Subtest: every Scandinavian and European target resolves exactly once with a playable brief
ok 419 - every Scandinavian and European target resolves exactly once with a playable brief
  ---
  duration_ms: 4.934765
  type: 'test'
  ...
# Subtest: the complete requested Scandinavian and European block resolves exactly once
ok 420 - the complete requested Scandinavian and European block resolves exactly once
  ---
  duration_ms: 1.152577
  type: 'test'
  ...
# Subtest: generic translated titles do not absorb unrelated same-year films
ok 421 - generic translated titles do not absorb unrelated same-year films
  ---
  duration_ms: 0.347581
  type: 'test'
  ...
# Subtest: Scandinavian and European round adds 15 cases and produces 330 unique Production Cases
ok 422 - Scandinavian and European round adds 15 cases and produces 330 unique Production Cases
  ---
  duration_ms: 2.394969
  type: 'test'
  ...
# Subtest: assessScenarioAlignment handles empty target lists without exposing a score
ok 423 - assessScenarioAlignment handles empty target lists without exposing a score
  ---
  duration_ms: 1.998355
  type: 'test'
  ...
# Subtest: assessScenarioAlignment asks for reconsideration when no targets are selected
ok 424 - assessScenarioAlignment asks for reconsideration when no targets are selected
  ---
  duration_ms: 0.313169
  type: 'test'
  ...
# Subtest: assessScenarioAlignment keeps sparse selections qualitative
ok 425 - assessScenarioAlignment keeps sparse selections qualitative
  ---
  duration_ms: 0.223054
  type: 'test'
  ...
# Subtest: assessScenarioAlignment marks a meaningful subset as partial
ok 426 - assessScenarioAlignment marks a meaningful subset as partial
  ---
  duration_ms: 0.174382
  type: 'test'
  ...
# Subtest: assessScenarioAlignment marks broad method identification as clear
ok 427 - assessScenarioAlignment marks broad method identification as clear
  ---
  duration_ms: 0.241612
  type: 'test'
  ...
# Subtest: assessScenarioAlignment caps selectedCount at the available target count
ok 428 - assessScenarioAlignment caps selectedCount at the available target count
  ---
  duration_ms: 0.234461
  type: 'test'
  ...
# Subtest: getScenarioAlignmentSummary guides reconsideration without score language
ok 429 - getScenarioAlignmentSummary guides reconsideration without score language
  ---
  duration_ms: 1.199267
  type: 'test'
  ...
# Subtest: getScenarioAlignmentSummary describes a partial method connection
ok 430 - getScenarioAlignmentSummary describes a partial method connection
  ---
  duration_ms: 0.178909
  type: 'test'
  ...
# Subtest: getScenarioAlignmentSummary describes a clear method connection
ok 431 - getScenarioAlignmentSummary describes a clear method connection
  ---
  duration_ms: 0.167211
  type: 'test'
  ...
# Subtest: production event seeds cover the required first shoot scenarios
ok 432 - production event seeds cover the required first shoot scenarios
  ---
  duration_ms: 4.603889
  type: 'test'
  ...
# Subtest: schedules group scenes, allocate the project budget, and do not mutate scenes
ok 433 - schedules group scenes, allocate the project budget, and do not mutate scenes
  ---
  duration_ms: 1.25507
  type: 'test'
  ...
# Subtest: difficulty responds to dramatic, technical, location, and cast pressure
ok 434 - difficulty responds to dramatic, technical, location, and cast pressure
  ---
  duration_ms: 0.364626
  type: 'test'
  ...
# Subtest: events are applied immutably and duplicate applications have no second cost
ok 435 - events are applied immutably and duplicate applications have no second cost
  ---
  duration_ms: 2.666906
  type: 'test'
  ...
# Subtest: shoot resolution and evaluation account for event cost, delay, and upside
ok 436 - shoot resolution and evaluation account for event cost, delay, and upside
  ---
  duration_ms: 1.973908
  type: 'test'
  ...
# Subtest: South Korean cinema expansion contains exactly four unique missing films
ok 437 - South Korean cinema expansion contains exactly four unique missing films
  ---
  duration_ms: 2.214368
  type: 'test'
  ...
# Subtest: all four South Korean films are new to the preceding 282-case catalogue
ok 438 - all four South Korean films are new to the preceding 282-case catalogue
  ---
  duration_ms: 21.739908
  type: 'test'
  ...
# Subtest: every South Korean expansion film resolves once and has a playable brief blueprint
ok 439 - every South Korean expansion film resolves once and has a playable brief blueprint
  ---
  duration_ms: 32.427816
  type: 'test'
  ...
# Subtest: the complete requested South Korean block resolves exactly once
ok 440 - the complete requested South Korean block resolves exactly once
  ---
  duration_ms: 12.842605
  type: 'test'
  ...
# Subtest: ambiguous English titles do not match unrelated same-year films
ok 441 - ambiguous English titles do not match unrelated same-year films
  ---
  duration_ms: 11.325502
  type: 'test'
  ...
# Subtest: the merged catalogue contains 286 unique Production Cases
ok 442 - the merged catalogue contains 286 unique Production Cases
  ---
  duration_ms: 32.762937
  type: 'test'
  ...
# Subtest: South and Southeast Asian expansion contains exactly seven unique films
ok 443 - South and Southeast Asian expansion contains exactly seven unique films
  ---
  duration_ms: 1.417034
  type: 'test'
  ...
# Subtest: all seven films are new to the preceding 286-case catalogue
ok 444 - all seven films are new to the preceding 286-case catalogue
  ---
  duration_ms: 27.679209
  type: 'test'
  ...
# Subtest: every expansion film resolves once and has a playable brief blueprint
ok 445 - every expansion film resolves once and has a playable brief blueprint
  ---
  duration_ms: 25.671965
  type: 'test'
  ...
# Subtest: the complete requested seven-film block resolves exactly once
ok 446 - the complete requested seven-film block resolves exactly once
  ---
  duration_ms: 20.650015
  type: 'test'
  ...
# Subtest: generic English titles do not match unrelated same-year films
ok 447 - generic English titles do not match unrelated same-year films
  ---
  duration_ms: 12.889565
  type: 'test'
  ...
# Subtest: the merged catalogue contains 293 unique Production Cases
ok 448 - the merged catalogue contains 293 unique Production Cases
  ---
  duration_ms: 18.75811
  type: 'test'
  ...
# Subtest: studio career pipeline order advances from development through career review only after release
ok 449 - studio career pipeline order advances from development through career review only after release
  ---
  duration_ms: 1.410374
  type: 'test'
  ...
# Subtest: studio career active targets keep post, release, and career review distinct
ok 450 - studio career active targets keep post, release, and career review distinct
  ---
  duration_ms: 0.253339
  type: 'test'
  ...
# Subtest: studio career completed project collapse keeps latest project actionable
ok 451 - studio career completed project collapse keeps latest project actionable
  ---
  duration_ms: 0.229354
  type: 'test'
  ...
# Subtest: studio career project-scoped release control names are unique per project
ok 452 - studio career project-scoped release control names are unique per project
  ---
  duration_ms: 0.225789
  type: 'test'
  ...
# Subtest: studio career application invariants tolerate missing optional project details
ok 453 - studio career application invariants tolerate missing optional project details
  ---
  duration_ms: 1.731936
  type: 'test'
  ...
1..453
# tests 453
# suites 0
# pass 452
# fail 1
# cancelled 0
# skipped 0
# todo 0
# duration_ms 4865.664275
